# blind_002
timestamp: 2026-05-15T16:53:52.205244
elapsed_seconds: 31.64

## Truth
  expected_stream: stream_2_perspective_gap
  expected_broad_jp_coverage: reported
  expected_angle_jp_coverage: unreported
  expected_tier: tier_1_newspaper
  in_golden_set: True

## Predicted
  stream: unknown
  broad_jp_coverage: True
  angle_jp_coverage: None
  broad_matched_tier: tier_1_newspaper
  angle_matched_tier: None
  error_message: angle_search_error: ServerError: 503 UNAVAILABLE. {'error': {'code': 503, 'message': 'This model is currently experiencing high demand. Spikes in demand are usually temporary. Please try again later.', 'status': 'UNAVAILABLE'}}
  angle_query_fallback_reason: None

## Queries
  broad_query: Israel's top Jewish religious body 'refuses to condemn' smashing of Jesus statue 日本 報道
  angle_query: イスラエル ラビ庁 兵士 イエス像 破壊 非難拒否 宗教的過激主義 軍 融合

## Results
  broad: {"urls": ["https://joins.com", "https://nippon.com", "https://nippon.com", "https://newsweekjapan.jp", "https://yomiuri.co.jp", "https://youtube.com", "https://fnn.jp", "https://livedoor.com", "https://afpbb.com"], "matched_urls": ["https://nippon.com", "https://nippon.com", "https://newsweekjapan.jp", "https://yomiuri.co.jp", "https://fnn.jp", "https://afpbb.com"], "excluded_urls": ["https://youtube.com"], "matched_tier": "tier_1_newspaper"}
  angle: None

## Hits
  jp_media_hits_broad: ['afpbb.com', 'news.fnn.jp', 'newsweekjapan.jp', 'nippon.com', 'yomiuri.co.jp']
  jp_media_hits_angle: []
  excluded_count_broad: 1
  excluded_count_angle: 0