# cls-a4132ec7d949
timestamp: 2026-05-15T16:59:33.290890
elapsed_seconds: 6.03

## Truth
  expected_stream: stream_2_perspective_gap
  expected_broad_jp_coverage: reported
  expected_angle_jp_coverage: unreported
  expected_tier: None
  in_golden_set: False

## Predicted
  stream: stream_1_silence_gap
  broad_jp_coverage: False
  angle_jp_coverage: None
  broad_matched_tier: tier_2_wire_service
  angle_matched_tier: None
  error_message: None
  angle_query_fallback_reason: None

## Queries
  broad_query: Legal complaint filed by Palestine activists against Met Police chief over synagogue remarks 日本 報道
  angle_query: None

## Results
  broad: {"urls": ["https://nippon.com", "https://emb-japan.go.jp", "https://afpbb.com", "https://mofa.go.jp", "https://mofa.go.jp", "https://nippon.com", "https://youtube.com", "https://arabnews.jp"], "matched_urls": ["https://nippon.com", "https://afpbb.com", "https://nippon.com"], "excluded_urls": ["https://youtube.com"], "matched_tier": "tier_2_wire_service"}
  angle: None

## Hits
  jp_media_hits_broad: ['afpbb.com', 'nippon.com']
  jp_media_hits_angle: []
  excluded_count_broad: 1
  excluded_count_angle: 0