# covered_001
timestamp: 2026-05-15T16:55:50.278112
elapsed_seconds: 11.98

## Truth
  expected_stream: stream_2_perspective_gap
  expected_broad_jp_coverage: reported
  expected_angle_jp_coverage: unreported
  expected_tier: tier_1_newspaper
  in_golden_set: True

## Predicted
  stream: stream_1_silence_gap
  broad_jp_coverage: False
  angle_jp_coverage: None
  broad_matched_tier: tier_1_newspaper
  angle_matched_tier: None
  error_message: None
  angle_query_fallback_reason: None

## Queries
  broad_query: ホルムズ海峡めぐりアメリカの対イラン封鎖始まる イランは反発 日本 報道
  angle_query: None

## Results
  broad: {"urls": ["https://yomiuri.co.jp", "https://youtube.com", "https://ktv.jp", "https://fnn.jp", "https://youtube.com", "https://livedoor.com", "https://diamond.jp"], "matched_urls": ["https://yomiuri.co.jp", "https://fnn.jp", "https://diamond.jp"], "excluded_urls": ["https://youtube.com", "https://youtube.com"], "matched_tier": "tier_1_newspaper"}
  angle: None

## Hits
  jp_media_hits_broad: ['diamond.jp', 'news.fnn.jp', 'yomiuri.co.jp']
  jp_media_hits_angle: []
  excluded_count_broad: 2
  excluded_count_angle: 0