# covered_005
timestamp: 2026-05-15T16:56:36.979227
elapsed_seconds: 26.73

## Truth
  expected_stream: stream_2_perspective_gap
  expected_broad_jp_coverage: reported
  expected_angle_jp_coverage: unreported
  expected_tier: tier_1_newspaper
  in_golden_set: True

## Predicted
  stream: stream_2_perspective_gap
  broad_jp_coverage: True
  angle_jp_coverage: False
  broad_matched_tier: tier_3_broadcaster
  angle_matched_tier: tier_1_newspaper
  error_message: None
  angle_query_fallback_reason: None

## Queries
  broad_query: ブラジル ルラ政権、アマゾン開催の COP30 で狙うグローバルサウス主導役 日本 報道
  angle_query: ブラジル ルラ政権 COP30 グローバルサウス 西側主導 気候秩序 経済的主権 交渉力 地政学的レバレッジ

## Results
  broad: {"urls": ["https://worldtimes.co.jp", "https://worldtimes.co.jp", "https://meti.go.jp", "https://newsweekjapan.jp", "https://fnn.jp", "https://youtube.com", "https://pwc.com", "https://jetro.go.jp"], "matched_urls": ["https://newsweekjapan.jp", "https://fnn.jp"], "excluded_urls": ["https://youtube.com"], "matched_tier": "tier_3_broadcaster"}
  angle: {"urls": ["https://jetro.go.jp", "https://storm.mg", "https://projectdesign.jp", "https://pwc.com", "https://recordchina.co.jp", "https://spaceshipearth.jp", "https://meti.go.jp", "https://yomiuri.co.jp", "https://jetro.go.jp", "https://pwc.com", "https://huffingtonpost.jp", "https://youtube.com", "https://youtube.com", "https://newsweekjapan.jp", "https://mofa.go.jp", "https://ide.go.jp", "https://mof.go.jp", "https://wwf.or.jp", "https://meti.go.jp", "https://jiia.or.jp", "https://global-gw.com", "https://dlri.co.jp", "https://cas.go.jp"], "matched_urls": ["https://yomiuri.co.jp", "https://newsweekjapan.jp"], "excluded_urls": ["https://huffingtonpost.jp", "https://youtube.com", "https://youtube.com"], "matched_tier": "tier_1_newspaper"}

## Hits
  jp_media_hits_broad: ['news.fnn.jp', 'newsweekjapan.jp']
  jp_media_hits_angle: ['newsweekjapan.jp', 'yomiuri.co.jp']
  excluded_count_broad: 1
  excluded_count_angle: 3