# covered_006
timestamp: 2026-05-15T16:57:00.317810
elapsed_seconds: 23.34

## Truth
  expected_stream: out_of_scope
  expected_broad_jp_coverage: reported
  expected_angle_jp_coverage: reported
  expected_tier: tier_1_newspaper
  in_golden_set: True

## Predicted
  stream: stream_2_perspective_gap
  broad_jp_coverage: True
  angle_jp_coverage: False
  broad_matched_tier: tier_4_business
  angle_matched_tier: None
  error_message: None
  angle_query_fallback_reason: None

## Queries
  broad_query: NVIDIA 株が半年ぶり最高値更新 衰えぬ AI 需要、循環投資にはリスク 日本 報道
  angle_query: エヌビディア AI需要 拡大の裏で 投資家が警戒する シリコンサイクル 循環投資 リスク 将来の需要減退

## Results
  broad: {"urls": ["https://beincrypto.com", "https://ig.com", "https://forbesjapan.com", "https://investing.com", "https://moneypost.jp", "https://beincrypto.com", "https://investing.com", "https://rakuten-sec.net", "https://investing.com"], "matched_urls": ["https://forbesjapan.com"], "excluded_urls": [], "matched_tier": "tier_4_business"}
  angle: {"urls": ["https://biz-journal.jp", "https://ismedia.jp", "https://note.com", "https://rakuten-sec.net", "https://investing.com"], "matched_urls": [], "excluded_urls": ["https://biz-journal.jp", "https://note.com"], "matched_tier": null}

## Hits
  jp_media_hits_broad: ['forbesjapan.com']
  jp_media_hits_angle: []
  excluded_count_broad: 0
  excluded_count_angle: 2