# covered_006
timestamp: 2026-05-09T20:41:09.325588
elapsed_seconds: 21.07

## Truth
  expected_stream: out_of_scope
  expected_broad_jp_coverage: reported
  expected_angle_jp_coverage: reported
  expected_tier: tier_1_newspaper
  in_golden_set: True

## Predicted
  stream: stream_3_candidate
  broad_jp_coverage: True
  angle_jp_coverage: True
  broad_matched_tier: tier_4_business
  angle_matched_tier: tier_4_business
  error_message: None
  angle_query_fallback_reason: None

## Queries
  broad_query: NVIDIA 株が半年ぶり最高値更新 衰えぬ AI 需要、循環投資にはリスク 日本 報道
  angle_query: NVIDIA 株価 最高値 シリコンサイクル 循環投資 リスク 投資家 警戒 需要 鈍化 懸念

## Results
  broad: {"urls": ["https://hatena.ne.jp", "https://itmedia.co.jp", "https://businessinsider.jp", "https://beincrypto.com", "https://kabutan.jp", "https://abema.tv", "https://news-channel-matome.com", "https://toyokeizai.net"], "matched_urls": ["https://toyokeizai.net"], "excluded_urls": ["https://hatena.ne.jp"], "matched_tier": "tier_4_business"}
  angle: {"urls": ["https://forbesjapan.com", "https://tradingkey.com", "https://investing.com", "https://investing.com", "https://newsweekjapan.jp", "https://dlri.co.jp", "https://youtube.com", "https://youtube.com", "https://tradingkey.com"], "matched_urls": ["https://forbesjapan.com", "https://newsweekjapan.jp"], "excluded_urls": ["https://youtube.com", "https://youtube.com"], "matched_tier": "tier_4_business"}

## Hits
  jp_media_hits_broad: ['toyokeizai.net']
  jp_media_hits_angle: ['forbesjapan.com', 'newsweekjapan.jp']
  excluded_count_broad: 1
  excluded_count_angle: 2