# blind_002
timestamp: 2026-05-09T19:41:54.742329
elapsed_seconds: 21.28

## Truth
  expected_stream: stream_2_perspective_gap
  expected_broad_jp_coverage: reported
  expected_angle_jp_coverage: unreported
  expected_tier: tier_1_newspaper
  in_golden_set: True

## Predicted
  stream: stream_3_candidate
  broad_jp_coverage: True
  angle_jp_coverage: True
  broad_matched_tier: tier_1_newspaper
  angle_matched_tier: tier_1_newspaper
  error_message: None
  angle_query_fallback_reason: None

## Queries
  broad_query: Israel's top Jewish religious body 'refuses to condemn' smashing of Jesus statue 日本 報道
  angle_query: イスラエル ラビ庁 イエス像 破壊 兵士 非難拒否 軍 宗教的過激主義 融合

## Results
  broad: {"urls": ["https://yomiuri.co.jp", "https://fnn.jp", "https://youtube.com", "https://livedoor.com", "https://middleeasteye.net"], "matched_urls": ["https://yomiuri.co.jp"], "excluded_urls": ["https://youtube.com"], "matched_tier": "tier_1_newspaper"}
  angle: {"urls": ["https://yomiuri.co.jp", "https://nippon.com", "https://newsweekjapan.jp", "https://joins.com", "https://joins.com", "https://livedoor.com", "https://christiantoday.co.jp", "https://agora-web.jp", "https://livedoor.com", "https://note.com", "https://mondediplo.com"], "matched_urls": ["https://yomiuri.co.jp", "https://newsweekjapan.jp"], "excluded_urls": ["https://note.com"], "matched_tier": "tier_1_newspaper"}

## Hits
  jp_media_hits_broad: ['yomiuri.co.jp']
  jp_media_hits_angle: ['newsweekjapan.jp', 'yomiuri.co.jp']
  excluded_count_broad: 1
  excluded_count_angle: 1