# blind_009
timestamp: 2026-05-09T19:43:11.828833
elapsed_seconds: 23.84

## Truth
  expected_stream: stream_2_perspective_gap
  expected_broad_jp_coverage: reported
  expected_angle_jp_coverage: unreported
  expected_tier: tier_2_wire_service
  in_golden_set: True

## Predicted
  stream: stream_3_candidate
  broad_jp_coverage: True
  angle_jp_coverage: True
  broad_matched_tier: tier_4_business
  angle_matched_tier: tier_1_newspaper
  error_message: None
  angle_query_fallback_reason: None

## Queries
  broad_query: The real reason Iran and the US cannot end the war: Money 日本 報道
  angle_query: イラン 革命防衛隊 米国 対立 意図的 継続 制裁 影の経済 利権維持 経済的動機

## Results
  broad: {"urls": ["https://youtube.com", "https://youtube.com", "https://newsweekjapan.jp", "https://diamond.jp", "https://diamond.jp", "https://jri.co.jp", "https://ismedia.jp", "https://youtube.com", "https://moneypost.jp", "https://agora-web.jp"], "matched_urls": ["https://newsweekjapan.jp", "https://diamond.jp", "https://diamond.jp"], "excluded_urls": ["https://youtube.com", "https://youtube.com", "https://youtube.com"], "matched_tier": "tier_4_business"}
  angle: {"urls": ["https://fnn.jp", "https://ntv.co.jp", "https://yomiuri.co.jp", "https://yomiuri.co.jp", "https://diamond.jp", "https://newsweekjapan.jp", "https://courrier.jp", "https://ismedia.jp", "https://ismedia.jp", "https://jikyokusya.com", "https://ssri-j.com", "https://note.com", "https://youtube.com"], "matched_urls": ["https://yomiuri.co.jp", "https://yomiuri.co.jp", "https://diamond.jp", "https://newsweekjapan.jp"], "excluded_urls": ["https://note.com", "https://youtube.com"], "matched_tier": "tier_1_newspaper"}

## Hits
  jp_media_hits_broad: ['diamond.jp', 'newsweekjapan.jp']
  jp_media_hits_angle: ['diamond.jp', 'newsweekjapan.jp', 'yomiuri.co.jp']
  excluded_count_broad: 3
  excluded_count_angle: 2