# covered_005
timestamp: 2026-05-09T19:45:18.941939
elapsed_seconds: 24.02

## Truth
  expected_stream: stream_2_perspective_gap
  expected_broad_jp_coverage: reported
  expected_angle_jp_coverage: unreported
  expected_tier: tier_1_newspaper
  in_golden_set: True

## Predicted
  stream: stream_2_perspective_gap
  broad_jp_coverage: True
  angle_jp_coverage: False
  broad_matched_tier: tier_4_business
  angle_matched_tier: None
  error_message: None
  angle_query_fallback_reason: None

## Queries
  broad_query: ブラジル ルラ政権、アマゾン開催の COP30 で狙うグローバルサウス主導役 日本 報道
  angle_query: ブラジル COP30 グローバルサウス 西側主導 気候秩序 交渉力 経済的主権 地政学的レバレッジ

## Results
  broad: {"urls": ["https://youtube.com", "https://youtube.com", "https://jetro.go.jp", "https://jetro.go.jp", "https://afpbb.com", "https://newsweekjapan.jp", "https://arabnews.jp"], "matched_urls": ["https://newsweekjapan.jp"], "excluded_urls": ["https://youtube.com", "https://youtube.com"], "matched_tier": "tier_4_business"}
  angle: {"urls": ["https://meti.go.jp", "https://jetro.go.jp", "https://mofa.go.jp", "https://nhk-ep.co.jp", "https://sustainablejapan.jp", "https://worldtimes.co.jp", "https://nam.co.jp", "https://globalnewsview.org", "https://pwc.com", "https://jnpc.or.jp", "https://meti.go.jp"], "matched_urls": [], "excluded_urls": [], "matched_tier": null}

## Hits
  jp_media_hits_broad: ['newsweekjapan.jp']
  jp_media_hits_angle: []
  excluded_count_broad: 2
  excluded_count_angle: 0