# covered_009
timestamp: 2026-05-09T19:46:26.908728
elapsed_seconds: 28.13

## Truth
  expected_stream: stream_2_perspective_gap
  expected_broad_jp_coverage: reported
  expected_angle_jp_coverage: unreported
  expected_tier: tier_1_newspaper
  in_golden_set: True

## Predicted
  stream: stream_3_candidate
  broad_jp_coverage: True
  angle_jp_coverage: True
  broad_matched_tier: tier_1_newspaper
  angle_matched_tier: tier_4_business
  error_message: None
  angle_query_fallback_reason: None

## Queries
  broad_query: インド・パキスタン カシミール 緊張 (4 月 22 日テロ攻撃 + 5 月 7-10 日 Operation Sindoor) 日本 報道
  angle_query: インド パキスタン オペレーション・シンドゥール ドローン 精密攻撃 核保有国 トランプ 非伝統的仲介 安全保障構造 変容

## Results
  broad: {"urls": ["https://jetro.go.jp", "https://jetro.go.jp", "https://kyodo.co.jp", "https://mofa.go.jp", "https://emb-japan.go.jp", "https://mofa.go.jp", "https://emb-japan.go.jp", "https://fnn.jp", "https://yomiuri.co.jp", "https://livedoor.com", "https://youtube.com", "https://youtube.com", "https://tokutenryoko.com", "https://arabnews.jp", "https://newsweekjapan.jp", "https://note.com", "https://afpbb.com", "https://afpbb.com", "https://ikaros.jp", "https://youtube.com"], "matched_urls": ["https://yomiuri.co.jp", "https://newsweekjapan.jp"], "excluded_urls": ["https://youtube.com", "https://youtube.com", "https://note.com", "https://youtube.com"], "matched_tier": "tier_1_newspaper"}
  angle: {"urls": ["https://mbp-japan.com", "https://newsweekjapan.jp", "https://arabnews.jp", "https://voi.id", "https://mofa.go.jp", "https://youtube.com", "https://youtube.com", "https://newsweekjapan.jp"], "matched_urls": ["https://newsweekjapan.jp", "https://newsweekjapan.jp"], "excluded_urls": ["https://youtube.com", "https://youtube.com"], "matched_tier": "tier_4_business"}

## Hits
  jp_media_hits_broad: ['newsweekjapan.jp', 'yomiuri.co.jp']
  jp_media_hits_angle: ['newsweekjapan.jp']
  excluded_count_broad: 4
  excluded_count_angle: 2