# blind_004
timestamp: 2026-05-16T01:29:59.467154
elapsed_seconds: 20.48

## Truth
  expected_stream: stream_2_perspective_gap
  expected_broad_jp_coverage: reported
  expected_angle_jp_coverage: unreported
  expected_tier: tier_1_newspaper
  in_golden_set: True

## Predicted
  stream: stream_2_perspective_gap
  broad_jp_coverage: True
  angle_jp_coverage: False
  broad_matched_tier: tier_2_wire_service
  angle_matched_tier: None
  error_message: None
  angle_query_fallback_reason: None

## Queries
  broad_query: In Gaza, life flickers as power cuts shatter livelihoods and healthcare 日本 報道
  angle_query: ガザ 発電機 潤滑油 100倍 価格高騰 社会インフラ 物理的 組織的 解体

## Results
  broad: {"urls": ["https://afpbb.com", "https://fnn.jp", "https://prtimes.jp", "https://newsweekjapan.jp", "https://prtimes.jp", "https://arabnews.jp", "https://youtube.com", "https://youtube.com", "https://prtimes.jp", "https://afpbb.com", "https://youtube.com"], "matched_urls": ["https://afpbb.com", "https://fnn.jp", "https://newsweekjapan.jp", "https://afpbb.com"], "excluded_urls": ["https://youtube.com", "https://youtube.com", "https://youtube.com"], "matched_tier": "tier_2_wire_service"}
  angle: {"urls": [], "matched_urls": [], "excluded_urls": [], "matched_tier": null}

## Hits
  jp_media_hits_broad: ['afpbb.com', 'news.fnn.jp', 'newsweekjapan.jp']
  jp_media_hits_angle: []
  excluded_count_broad: 3
  excluded_count_angle: 0